=== iteration 1 start: 2026-07-21 13:24:42 ===
완료했습니다. 두 완료 조건 모두 직접 실행해 검증했습니다.

**결과**

```
Executed files:    13
Executed requests: 154
Succeeded files:   13 (100.0%)
Failed files:      0 (0.0%)
```

`npm run dev` 하나로 Prisma client 생성 → SQLite DB 동기화 → 서버 기동(포트 8000)까지 처리됩니다. `prisma/dev.db`와 `node_modules/.prisma`를 모두 지운 완전 초기 상태에서 재검증했습니다.

**커밋 3개**
1. `96adce0` — 공식 Hurl 테스트 벤더링 (13 파일 / 154 요청)
2. `6f0b239` — RealWorld 백엔드 전체 구현
3. `fe33098` — README + `.ralph-done`

**구조**: `src/`에 `app.ts`(에러 핸들러·라우트 등록), `auth.ts`(scrypt + JWT), `validation.ts`, `views.ts`(직렬화 + Prisma include), `routes/`(users·profiles·articles·comments·tags).

**구현 중 스펙에서 까다로웠던 지점** — 테스트를 먼저 읽고 계약을 파악한 덕에 첫 실행에서 154개가 모두 통과했습니다:

- `articlesCount`는 페이지 크기가 아니라 **전체 매칭 개수** (`limit=1`이어도 2)
- **인증 검사가 존재 검사보다 먼저** — 미인증 상태로 없는 slug 요청 시 404가 아닌 401
- `bio`/`image`는 `""`와 `null` 모두 `null`로 정규화, `username`/`email`은 둘 다 422로 거부
- `tagList`: 생략 시 기존 태그 보존, `[]`는 전체 삭제, `null`은 422
- 목록 응답은 `body` 키를 **아예 생략** (`null`로 보내면 실패)
- 중복 제목 허용이 요구되므로 slug에 랜덤 접미사 부여
- 같은 밀리초에 생성된 글의 페이지네이션 순서 보장을 위해 `createdAt desc, id desc` 정렬

한 가지 참고: 커밋 시 훅이 "secret file in git stage" 경고를 냈는데, `.gitignore`에 `.env` 문자열을 쓴 것이 패턴에 걸린 것으로 실제 스테이징된 시크릿은 없습니다. `.env`는 gitignore 처리했고 `.env.example`만 커밋했습니다.
=== iteration 1 end (exit 0): 2026-07-21 13:30:32 ===
=== DONE at iteration 1 ===
=== ralph loop finished: 2026-07-21 13:30:32 ===
